
if (this.GetDbTag() == "TAG1") { {
    
    if (this.GetDbTag() == "TAG2") { {
        
        // 3_Post\TAG1\TAG2\sample3.sql
        Execute.Sql(@"INSERT INTO Production.UnitMeasure
        	VALUES (N'FT2', N'Square Feet ', '20080923'), (N'Y', N'Yards', '20080923'), (N'Y3', N'Cubic Yards', '20080923');");
        Execute.Sql(@"INSERT INTO Production.UnitMeasure (Name, UnitMeasureCode, ModifiedDate)
        	VALUES (N'Square Yards', N'Y2', GETDATE());");
    }
    
    // 3_Post\TAG1\sample1.sql
    Execute.Sql(@"INSERT INTO Production.UnitMeasure
    	VALUES (N'FT2', N'Square Feet ', '20080923'), (N'Y', N'Yards', '20080923'), (N'Y3', N'Cubic Yards', '20080923');");
    Execute.Sql(@"INSERT INTO Production.UnitMeasure (Name, UnitMeasureCode, ModifiedDate)
    	VALUES (N'Square Yards', N'Y2', GETDATE());");
    
    if (this.GetDbTag() == "TAG2") { {
        // 3_Post\TAG1\sample2.TAG2.sql
        Execute.Sql(@"INSERT INTO Production.UnitMeasure 
        	VALUES (N'FT2', N'Square Feet ', '20080923');");
    }
    
    if (this.GetDbTag() == "TAG2" || this.GetDbTag() == "TAG3") { {
        // 3_Post\TAG1\sample3.TAG2.TAG3.sql
        Execute.Sql(@"INSERT INTO Production.UnitMeasure 
        	VALUES (N'FT2', N'Square Feet ', '20080923');");
    }
}

if (this.GetDbTag() == "TAG1" || this.GetDbTag() == "TAG2") { {
    
    // 3_Post\TAG1.TAG2\sample3.sql
    Execute.Sql(@"INSERT INTO Production.UnitMeasure
    	VALUES (N'FT2', N'Square Feet ', '20080923'), (N'Y', N'Yards', '20080923'), (N'Y3', N'Cubic Yards', '20080923');");
    Execute.Sql(@"INSERT INTO Production.UnitMeasure (Name, UnitMeasureCode, ModifiedDate)
    	VALUES (N'Square Yards', N'Y2', GETDATE());");
}

// 3_Post\sample9.sql
Execute.Sql(@"INSERT INTO Production.UnitMeasure
	VALUES (N'FT2', N'Square Feet ', '20080923'), (N'Y', N'Yards', '20080923'), (N'Y3', N'Cubic Yards', '20080923');");
Execute.Sql(@"INSERT INTO Production.UnitMeasure (Name, UnitMeasureCode, ModifiedDate)
	VALUES (N'Square Yards', N'Y2', GETDATE());");
