
// 2_PerTable\up_table2.sql
Execute.Sql(@"INSERT INTO Production.UnitMeasure
	VALUES (N'FT2', N'Square Feet ', '20080923'), (N'Y', N'Yards', '20080923'), (N'Y3', N'Cubic Yards', '20080923');");
Execute.Sql(@"INSERT INTO Production.UnitMeasure (Name, UnitMeasureCode, ModifiedDate)
	VALUES (N'Square Yards', N'Y2', GETDATE());");

if (this.GetDbTag() == "TAG1") { {
    // 2_PerTable\up_table2.TAG1.sql
    Execute.Sql(@"INSERT INTO Production.UnitMeasure
    	VALUES (N'FT2', N'Square Feet ', '20080923'), (N'Y', N'Yards', '20080923'), (N'Y3', N'Cubic Yards', '20080923');");
    Execute.Sql(@"INSERT INTO Production.UnitMeasure (Name, UnitMeasureCode, ModifiedDate)
    	VALUES (N'Square Yards', N'Y2', GETDATE());");
}

if (this.GetDbTag() == "TAG1" || this.GetDbTag() == "TAG2") { {
    // 2_PerTable\up_table2.TAG1.TAG2.sql
    Execute.Sql(@"INSERT INTO Production.UnitMeasure
    	VALUES (N'FT2', N'Square Feet ', '20080923'), (N'Y', N'Yards', '20080923'), (N'Y3', N'Cubic Yards', '20080923');");
    Execute.Sql(@"INSERT INTO Production.UnitMeasure (Name, UnitMeasureCode, ModifiedDate)
    	VALUES (N'Square Yards', N'Y2', GETDATE());");
}
